// Jest Snapshot v1, https://goo.gl/fbAQLP

exports[`it renders correctly 1`] = `
ShallowWrapper {
  "length": 1,
  Symbol(enzyme.__root__): [Circular],
  Symbol(enzyme.__unrendered__): <Jss(LoginButton)
    url="http://localhost:3000/auth/spotify"
/>,
  Symbol(enzyme.__renderer__): Object {
    "batchedUpdates": [Function],
    "getNode": [Function],
    "render": [Function],
    "simulateEvent": [Function],
    "unmount": [Function],
  },
  Symbol(enzyme.__node__): Object {
    "instance": null,
    "key": undefined,
    "nodeType": "function",
    "props": Object {
      "classes": Object {
        "buttonLink": "LoginButton-buttonLink-0-3",
        "loginButton": "LoginButton-loginButton-0-2",
        "loginContainer": "LoginButton-loginContainer-0-1",
      },
      "url": "http://localhost:3000/auth/spotify",
    },
    "ref": null,
    "rendered": null,
    "type": [Function],
  },
  Symbol(enzyme.__nodes__): Array [
    Object {
      "instance": null,
      "key": undefined,
      "nodeType": "function",
      "props": Object {
        "classes": Object {
          "buttonLink": "LoginButton-buttonLink-0-3",
          "loginButton": "LoginButton-loginButton-0-2",
          "loginContainer": "LoginButton-loginContainer-0-1",
        },
        "url": "http://localhost:3000/auth/spotify",
      },
      "ref": null,
      "rendered": null,
      "type": [Function],
    },
  ],
  Symbol(enzyme.__options__): Object {
    "adapter": ReactFifteenAdapter {
      "options": Object {
        "supportPrevContextArgumentOfComponentDidUpdate": true,
      },
    },
  },
}
`;
